[2026-05-10--10-56-42 INFO actix_server::builder] starting 5 workers
[2026-05-10--10-56-42 INFO actix_server::server] Tokio runtime found; starting in existing Tokio runtime
[2026-05-10--10-56-42 INFO actix_server::server] starting service: "actix-web-service-127.0.0.1:18488", workers: 5, listening on: 127.0.0.1:18488
[2026-05-10--10-56-47 INFO parity_ws] Listening for new connections on 127.0.0.1:8900.
[2026-05-10--10-56-56 INFO txtx::svm::deploy_program] [Recovery Instructions] - An ephemeral authority account will be created and funded to write to the buffer account.
[2026-05-10--10-56-56 INFO txtx::svm::deploy_program] [Recovery Instructions] - Please save the following information in case the deployment fails and the account needs to be recovered:
[2026-05-10--10-56-56 INFO txtx::svm::deploy_program] [Recovery Instructions] - Ephemeral authority public key: 8wSQPsQ2szXtWVSEVKZeSbjnYLog1ZyQe818hcAgHqDW
[2026-05-10--10-56-56 INFO txtx::svm::deploy_program] [Recovery Instructions] - Ephemeral authority secret key: [154, 104, 19, 100, 88, 190, 162, 118, 163, 213, 95, 94, 16, 73, 54, 240, 216, 206, 40, 5, 63, 11, 209, 116, 169, 69, 187, 126, 199, 183, 113, 93, 117, 243, 229, 85, 92, 184, 50, 194, 93, 246, 191, 12, 32, 110, 204, 146, 2, 29, 189, 66, 191, 155, 43, 24, 109, 34, 188, 21, 108, 24, 85, 229]
[2026-05-10--10-56-57 INFO txtx::svm::deploy_program] Account Created - Ephemeral authority account created and funded to write to buffer
[2026-05-10--10-56-57 INFO txtx::svm::deploy_program] [Recovery Instructions] - Creating program buffer account at pubkey Bkc9rU27MKmh4aHeufzGhEu8B1PbfE1BGzwYtjgkJGP1
[2026-05-10--10-56-57 INFO txtx::svm::deploy_program] Account Created - Program buffer account created
[2026-05-10--10-57-01 INFO txtx::svm::deploy_program] Buffer Ready - Writing to buffer account is complete
[2026-05-10--10-57-07 ERROR txtx::svm::send_transaction] Failed - Failed to broadcast transaction
[2026-05-10--10-57-07 ERROR txtx::svm::send_transaction] Failed - error: unable to send and confirm transaction (RPC response error -32002: Transaction verification failed for transaction Internal error: "Failed to fetch accounts from remote: error sending request for url (https://api.mainnet-beta.solana.com/)"; )
[2026-05-10--10-57-16 INFO actix_server::accept] accept thread stopped
[2026-05-10--10-57-16 INFO actix_server::worker] shutting down idle worker
[2026-05-10--10-57-16 INFO actix_server::worker] shutting down idle worker
[2026-05-10--10-57-16 INFO actix_server::worker] shutting down idle worker
[2026-05-10--10-57-16 INFO actix_server::worker] shutting down idle worker
[2026-05-10--10-57-16 INFO actix_server::worker] shutting down idle worker
