[2026-05-10--09-59-04 INFO actix_server::builder] starting 5 workers
[2026-05-10--09-59-04 INFO actix_server::server] Tokio runtime found; starting in existing Tokio runtime
[2026-05-10--09-59-04 INFO actix_server::server] starting service: "actix-web-service-127.0.0.1:18488", workers: 5, listening on: 127.0.0.1:18488
[2026-05-10--09-59-10 INFO parity_ws] Listening for new connections on 127.0.0.1:8900.
[2026-05-10--09-59-30 INFO txtx::svm::deploy_program] [Recovery Instructions] - An ephemeral authority account will be created and funded to write to the buffer account.
[2026-05-10--09-59-30 INFO txtx::svm::deploy_program] [Recovery Instructions] - Please save the following information in case the deployment fails and the account needs to be recovered:
[2026-05-10--09-59-30 INFO txtx::svm::deploy_program] [Recovery Instructions] - Ephemeral authority public key: HfUwiGjC2oSYZe6TSJJQ28sTLLjzuQcKEb8GjE5BKH1q
[2026-05-10--09-59-30 INFO txtx::svm::deploy_program] [Recovery Instructions] - Ephemeral authority secret key: [101, 243, 135, 81, 116, 252, 146, 67, 68, 141, 129, 51, 79, 140, 200, 69, 10, 43, 137, 216, 108, 163, 13, 74, 107, 131, 51, 207, 25, 24, 3, 218, 247, 150, 168, 59, 161, 49, 206, 31, 42, 111, 22, 190, 135, 25, 218, 164, 129, 119, 11, 250, 157, 48, 33, 79, 216, 15, 230, 94, 84, 208, 65, 160]
[2026-05-10--09-59-37 INFO txtx::svm::deploy_program] Account Created - Ephemeral authority account created and funded to write to buffer
[2026-05-10--09-59-37 INFO txtx::svm::deploy_program] [Recovery Instructions] - Creating program buffer account at pubkey C5hygnaCK8X9ZDGa7pfNBxUzWRfPjckJgNjSxvGeMFxG
[2026-05-10--09-59-37 INFO txtx::svm::deploy_program] Account Created - Program buffer account created
[2026-05-10--09-59-41 INFO txtx::svm::deploy_program] Buffer Ready - Writing to buffer account is complete
[2026-05-10--09-59-48 ERROR txtx::svm::send_transaction] Failed - Failed to broadcast transaction
[2026-05-10--09-59-48 ERROR txtx::svm::send_transaction] Failed - error: unable to send and confirm transaction (RPC response error -32002: Transaction verification failed for transaction Internal error: "Failed to fetch accounts from remote: error sending request for url (https://api.mainnet-beta.solana.com/)"; )
[2026-05-10--10-00-43 INFO actix_server::accept] accept thread stopped
[2026-05-10--10-00-43 INFO actix_server::worker] shutting down idle worker
[2026-05-10--10-00-43 INFO actix_server::worker] shutting down idle worker
[2026-05-10--10-00-43 INFO actix_server::worker] shutting down idle worker
[2026-05-10--10-00-43 INFO actix_server::worker] shutting down idle worker
[2026-05-10--10-00-43 INFO actix_server::worker] shutting down idle worker
